// Jest Snapshot v1, https://goo.gl/fbAQLP

exports[`TaskSidebar Show sidebar panel 1`] = `
<div class="sidebar__container">
  <basesidebarpanel-stub class="text-classification">
    <transition-stub name="fade" appear="true" duration="500">
      <!---->
    </transition-stub>
  </basesidebarpanel-stub>
  <basesidebarmenu-stub viewmode="annotation"></basesidebarmenu-stub>
</div>
`;

exports[`TaskSidebar renders properly 1`] = `
<div class="sidebar__container">
  <basesidebarpanel-stub class="text-classification">
    <transition-stub name="fade" appear="true" duration="500">
      <!---->
    </transition-stub>
  </basesidebarpanel-stub>
  <basesidebarmenu-stub viewmode="annotation"></basesidebarmenu-stub>
</div>
`;
