// Jest Snapshot v1, https://goo.gl/fbAQLP

exports[`TextClassificationhelpInfo renders properly 1`] = `
<lazy-base-modal modal-class="modal-secondary" modal-position="modal-top-right" modal-title="Info" modal-icon="info" modal-custom="true" modal-visible="true">
  <div class="help-info__content">
    <p class="help-info__title">Highlight colors in token attributions</p>
    <p>
      Argilla enables you to register token attributions as part of the
      dataset records. For getting token attributions, you can use methods
      such as Integrated Gradients or SHAP. These methods try to provide a
      mechanism to interpret model predictions.
    </p>
    <p>The attributions work as follows:</p>
    <p>
      [0,1] <strong>Positive attributions</strong> (in blue) reflect those
      tokens that are making the model predict the specific predicted label.
    </p>
    <p>
      [-1, 0] <strong>Negative attributions</strong> (in red) reflect those
      tokens that can influence the model to predict a label other than the
      specific predicted label.
    </p>
  </div>
  <div class="modal-buttons">
    <base-button class="primary">Ok, got it!</base-button>
    <base-button href="https://docs.rubrix.ml/en/stable/tutorials/nlp_model_explainability.html" target="_blank" class="primary link">More in docs</base-button>
  </div>
</lazy-base-modal>
`;
