// Jest Snapshot v1, https://goo.gl/fbAQLP

exports[`Sidebar renders properly 1`] = `
<div class="sidebar">
  <div class="sidebar__actions"><a href="#" data-title="close session">
      <svgicon-stub name="logout" width="" height="" fill="true"></svgicon-stub>
    </a> <a href="#" data-title="refresh">
      <svgicon-stub name="refresh" width="" height="" fill="true"></svgicon-stub>
    </a>
    <!---->
  </div>
  <!---->
</div>
`;
