// Jest Snapshot v1, https://goo.gl/fbAQLP

exports[`BaseTableInfo renders properly 1`] = `
<transition-stub name="fade" appear="true" actions="" deletemodalcontent="[object Object]" filterfromroute="workspace">
  <div role="table" class="table-info">
    <div class="table-info__header">
      <div role="columnheader" aria-label="Table Header" class="table-info__item">
        <div aria-label="Workspace" role="cell" class="table-info__item__col text">
          <lazy-table-filtrable-column-stub column="[object Object]" data="[object Object],[object Object]" filters="[object Object]" aria-label="Filter column Workspace"></lazy-table-filtrable-column-stub>
        </div>
      </div>
    </div>
    <div aria-label="Table Body" class="table-info__body">
      <ul role="rowgroup">
        <li id="data1" role="row" aria-label="Row for data1">
          <nuxt-link-stub to="() => {}" class="table-info__item"><span role="cell" class="table-info__item__col text"><span class="text"><span>recognai</span>
            <!----></span></span></nuxt-link-stub>
        </li>
        <li id="data2" role="row" aria-label="Row for data2">
          <nuxt-link-stub to="() => {}" class="table-info__item"><span role="cell" class="table-info__item__col text"><span class="text"><span>recognai</span>
            <!----></span></span></nuxt-link-stub>
        </li>
      </ul>
    </div>
  </div>
</transition-stub>
`;
