// Jest Snapshot v1, https://goo.gl/fbAQLP

exports[`SortList renders properly 1`] = `
<div>
  <div class="filters--scrollable">
    <sortfilter-stub sort-options="[object Object]" class="sort"></sortfilter-stub>
  </div>
  <!---->
  <div class="sort__buttons">
    <base-button-stub class="primary outline">Cancel</base-button-stub>
    <base-button-stub class="primary">Sort</base-button-stub>
  </div>
</div>
`;
