// Jest Snapshot v1, https://goo.gl/fbAQLP

exports[`FilterScore Expand filter 1`] = `
<div class="filter__row">
  <!---->
  <p class="filter__label">Score:</p>
  <filter-dropdown color-type="grey" class=""><span slot="dropdown-header"><vega-lite data="[object Object],[object Object],[object Object],[object Object],[object Object],[object Object],[object Object],[object Object],[object Object],[object Object],[object Object],[object Object],[object Object],[object Object],[object Object],[object Object],[object Object],[object Object],[object Object],[object Object],[object Object]" autosize="[object Object]" config="[object Object]" mark="area" encoding="[object Object]" class="score"></vega-lite></span>
    <!---->
  </filter-dropdown>
</div>
`;

exports[`FilterScore renders properly 1`] = `
<div class="filter__row">
  <!---->
  <p class="filter__label">Score:</p>
  <filter-dropdown color-type="grey" class=""><span slot="dropdown-header"><vega-lite data="[object Object],[object Object],[object Object],[object Object],[object Object],[object Object],[object Object],[object Object],[object Object],[object Object],[object Object],[object Object],[object Object],[object Object],[object Object],[object Object],[object Object],[object Object],[object Object],[object Object],[object Object]" autosize="[object Object]" config="[object Object]" mark="area" encoding="[object Object]" class="score"></vega-lite></span>
    <!---->
  </filter-dropdown>
</div>
`;
