// Jest Snapshot v1, https://goo.gl/fbAQLP

exports[`SortList renders properly 1`] = `
<div>
  <div class="filters--scrollable">
    <sortfilter sort-options="[object Object]" class="sort"></sortfilter>
  </div>
  <!---->
  <div class="sort__buttons">
    <base-button class="primary outline">Cancel</base-button>
    <base-button class="primary">Sort</base-button>
  </div>
</div>
`;
